// Jest Snapshot v1, https://goo.gl/fbAQLP

exports[`ExpandableTable should match snapshot 1`] = `
<div
  className="sc-iCfLBT goZboA"
>
  <div
    className="sc-jRQAMF hkxFLH"
    style={
      Object {
        "display": "grid",
        "gridTemplateColumns": "32px 40% repeat(1, 1fr)",
      }
    }
  >
    <div
      className="sc-gKckTs gjbTVu"
      style={
        Object {
          "justifySelf": "end",
        }
      }
    >
      <div>
        <div
          className="sc-eCImvq kptLx"
          onClick={[Function]}
        >
          
        </div>
      </div>
    </div>
    <div
      className="sc-gKckTs gjbTVu"
      style={
        Object {
          "justifySelf": "end",
        }
      }
    >
      <div>
        <div
          className="sc-eCImvq kptLx"
          onClick={[Function]}
        >
          <div
            className="sc-hKwCoD fsWkTx"
          >
            <svg
              className="sc-dkPtyc cBsjbZ"
              fillRule="evenodd"
              height={10}
              style={
                Object {
                  "WebkitTransform": "rotate(180deg)",
                }
              }
              transform="rotate(180)"
              viewBox="0 0 7 10"
              width={7}
            >
              <path
                d="M3.5 10l.01-.001h.033l.03-.006.017-.001.015-.003-.062.01a.5.5 0 0 0 .31-.145l2.95-2.95a.5.5 0 0 0-.707-.707L4 8.295 4 .5a.5.5 0 0 0-1 0l-.001 7.843L.854 6.197a.5.5 0 0 0-.708.707l2.95 2.95a.498.498 0 0 0 .311.144L3.49 10a.51.51 0 0 0 .011 0z"
              />
            </svg>
          </div>
          First column
        </div>
      </div>
    </div>
    <div
      className="sc-gKckTs gjbTVu"
      style={
        Object {
          "justifySelf": "end",
        }
      }
    >
      <div>
        <div
          className="sc-eCImvq kptLx"
          onClick={[Function]}
        >
          Second column
        </div>
      </div>
    </div>
  </div>
  <div
    className="sc-bdvvaa cwzVte"
    style={
      Object {
        "backgroundColor": undefined,
        "display": "grid",
        "gridTemplateColumns": "32px 40% repeat(1, 1fr)",
      }
    }
  >
    <div
      className="sc-gsDJrp hMqCxI"
      type="end"
    >
      <div
        className="sc-furvIG eBhwIT"
        onClick={[Function]}
      >
        <div
          className="sc-pVTma bGxqVC"
        >
          <svg
            className="sc-dkPtyc cBsjbZ"
            fillRule="evenodd"
            height={13}
            style={
              Object {
                "WebkitTransform": "rotate(0deg)",
              }
            }
            transform="rotate(0)"
            viewBox="0 0 8 13"
            width={8}
          >
            <path
              d="M 0.976 1.505 C 0.687 1.215 0.687 0.747 0.976 0.457 C 1.266 0.168 1.734 0.168 2.024 0.457 L 7.543 5.976 C 7.832 6.266 7.832 6.734 7.543 7.024 L 2.024 12.543 C 1.734 12.832 1.266 12.832 0.976 12.543 C 0.687 12.253 0.687 11.785 0.976 11.495 L 5.972 6.5 L 0.976 1.505 Z"
            />
          </svg>
        </div>
      </div>
    </div>
    <div
      className="sc-gsDJrp yLkSP"
      type="end"
    >
      First column
    </div>
    <div
      className="sc-gsDJrp yLkSP"
      type="end"
    >
      Second column
    </div>
  </div>
  <div
    className="sc-bdvvaa cwzVte"
    style={
      Object {
        "backgroundColor": undefined,
        "display": "grid",
        "gridTemplateColumns": "32px 40% repeat(1, 1fr)",
      }
    }
  >
    <div
      className="sc-gsDJrp hMqCxI"
      type="end"
    >
      <div
        className="sc-furvIG eBhwIT"
        onClick={[Function]}
      >
        <div
          className="sc-pVTma bGxqVC"
        >
          <svg
            className="sc-dkPtyc cBsjbZ"
            fillRule="evenodd"
            height={13}
            style={
              Object {
                "WebkitTransform": "rotate(0deg)",
              }
            }
            transform="rotate(0)"
            viewBox="0 0 8 13"
            width={8}
          >
            <path
              d="M 0.976 1.505 C 0.687 1.215 0.687 0.747 0.976 0.457 C 1.266 0.168 1.734 0.168 2.024 0.457 L 7.543 5.976 C 7.832 6.266 7.832 6.734 7.543 7.024 L 2.024 12.543 C 1.734 12.832 1.266 12.832 0.976 12.543 C 0.687 12.253 0.687 11.785 0.976 11.495 L 5.972 6.5 L 0.976 1.505 Z"
            />
          </svg>
        </div>
      </div>
    </div>
    <div
      className="sc-gsDJrp yLkSP"
      type="end"
    >
      First column
    </div>
    <div
      className="sc-gsDJrp yLkSP"
      type="end"
    >
      Second column
    </div>
  </div>
</div>
`;
