// Jest Snapshot v1, https://goo.gl/fbAQLP

exports[`StripedProgressBar should match snapshot 1`] = `
<div
  className="striped-progress-bar__Wrapper-sc-qnfwwz-0 gOasxZ"
  data-test="striped-progress-bar:primary"
  style={
    Object {
      "width": "50%",
    }
  }
  type="primary"
/>
`;
