// Jest Snapshot v1, https://goo.gl/fbAQLP

exports[`StripedProgressBar should match snapshot 1`] = `
<svg
  className="striped-progress-bar striped-progress-bar--type--overlapping"
  data-test="striped-progress-bar:OVERLAPPING"
  height="12"
  type="OVERLAPPING"
  width="50px"
>
  <path
    d="M13.629 0l-12 12H0V7.973L7.973 0h5.656zm7.68 0L9.308 12H3.652l12-12h5.657zm7.68 0L16.988 12H11.33l12-12h5.658zm7.68 0L24.668 12h-5.656l12-12h5.657zm7.68 0L32.348 12h-5.656l12-12h5.657zm7.68 0L40.028 12h-5.656l12-12h5.657zm7.68 0L47.708 12H42.05l12-12h5.658zm7.68 0L55.388 12H49.73l12-12h5.658zm7.68 0L63.068 12h-5.656l12-12h5.657zm7.68 0L70.748 12h-5.656l12-12h5.657zm7.68 0L78.428 12h-5.656l12-12h5.657zm7.68 0L86.108 12H80.45l12-12h5.658zm7.68 0L93.788 12H88.13l12-12h5.658zm7.68 0l-12.001 12h-5.656l12-12h5.657zm7.68 0l-12.001 12h-5.656l12-12h5.657zm7.68 0l-12.001 12h-5.656l12-12h5.657zm7.68 0l-12.001 12h-5.657l12-12h5.658zm7.68 0l-12.001 12h-5.657l12-12h5.658zm7.68 0l-12.001 12h-5.656l12-12h5.657zm7.68 0l-12.001 12h-5.656l12-12h5.657zm7.68 0l-12.001 12h-5.656l12-12h5.657zm7.68 0l-12.001 12h-5.657l12-12h5.658zm7.68 0l-12.001 12h-5.657l12-12h5.658zm7.68 0l-12.001 12h-5.656l12-12h5.657zm7.68 0l-12.001 12h-5.656l12-12h5.657zm7.68 0l-12.001 12h-5.656l12-12h5.657zm7.68 0l-12.001 12h-5.657l12-12h5.658zm7.68 0l-12.001 12h-5.657l12-12h5.658zm7.68 0l-12.001 12h-5.656l12-12h5.657zm7.68 0l-12.001 12h-5.656l12-12h5.657zm7.68 0l-12.001 12h-5.656l12-12h5.657zm7.68 0l-12.001 12h-5.657l12-12h5.658zm7.68 0l-12.001 12h-5.657l12-12h5.658zm7.68 0l-12.001 12h-5.656l12-12h5.657zm7.68 0l-12.001 12h-5.656l12-12h5.657zm7.68 0l-12.001 12h-5.656l12-12h5.657zm7.68 0l-12.001 12h-5.657l12-12h5.658zm7.68 0l-12.001 12h-5.657l12-12h5.658zm7.68 0l-12.001 12h-5.656l12-12h5.657zm7.68 0l-12.001 12h-5.656l12-12h5.657zm7.68 0l-12.001 12h-5.656l12-12h5.657zm7.68 0l-12.001 12h-5.657l12-12h5.658zm7.68 0l-12.001 12h-5.657l12-12h5.658zm7.68 0l-12.001 12h-5.656l12-12h5.657zm7.68 0l-12.001 12h-5.656l12-12h5.657zm7.68 0l-12.001 12h-5.656l12-12h5.657zm7.68 0l-12.001 12h-5.657l12-12h5.658zm7.68 0l-12.001 12h-5.657l12-12h5.658zm7.24 0l-12.001 12h-5.656l12-12h5.657zm7.8 0l-12.001 12h-5.656l12-12h5.657zm7.68 0l-12.001 12h-5.657l12-12h5.658zm7.68 0l-12.001 12h-5.657l12-12h5.658zm7.68 0l-12.001 12h-5.656l12-12h5.657zm7.68 0l-12.001 12h-5.656l12-12h5.657zm7.68 0l-12.001 12h-5.656l12-12h5.657zm7.68 0l-12.001 12h-5.657l12-12h5.658zm7.68 0l-12.001 12h-5.657l12-12h5.658zm7.68 0l-12.001 12h-5.656l12-12h5.657zm7.68 0l-12.001 12h-5.656l12-12h5.657zm7.68 0l-12.001 12h-5.656l12-12h5.657zm7.68 0l-12.001 12h-5.657l12-12h5.658zm7.68 0l-12.001 12h-5.657l12-12h5.658zm7.68 0l-12.001 12h-5.656l12-12h5.657zm7.68 0l-12.001 12h-5.656l12-12h5.657zm7.68 0l-12.001 12h-5.656l12-12h5.657zm7.68 0l-12.001 12h-5.657l12-12h5.658zm7.68 0l-12.001 12h-5.657l12-12h5.658zm7.68 0l-12.001 12h-5.656l12-12h5.657zm7.68 0l-12.001 12h-5.656l12-12h5.657zm7.68 0l-12.001 12h-5.656l12-12h5.657zm7.68 0l-12.001 12h-5.657l12-12h5.658zm7.68 0l-12.001 12h-5.657l12-12h5.658zm7.68 0l-12.001 12h-5.656l12-12h5.657zm7.68 0l-12.001 12h-5.656l12-12h5.657zm7.68 0l-12.001 12h-5.656l12-12h5.657zm7.68 0l-12.001 12h-5.657l12-12h5.658zm7.68 0l-12.001 12h-5.657l12-12h5.658zm7.68 0l-12.001 12h-5.656l12-12h5.657zm7.68 0l-12.001 12h-5.656l12-12h5.657zm7.68 0l-12.001 12h-5.656l12-12h5.657zm7.68 0l-12.001 12h-5.657l12-12h5.658zm7.68 0l-12.001 12h-5.657l12-12h5.658zm7.68 0l-12.001 12h-5.656l12-12h5.657zm7.68 0l-12.001 12h-5.656l12-12h5.657zm7.68 0l-12.001 12h-5.656l12-12h5.657zm7.68 0l-12.001 12h-5.657l12-12h5.658zm7.68 0l-12.001 12h-5.657l12-12h5.658zm7.68 0l-12.001 12h-5.656l12-12h5.657zm7.68 0l-12.001 12h-5.656l12-12h5.657zm7.68 0l-12.001 12h-5.656l12-12h5.657zm7.68 0l-12.001 12h-5.657l12-12h5.658zm7.68 0l-12.001 12h-5.657l12-12h5.658zm7.68 0l-12.001 12h-5.656l12-12h5.657zm7.68 0l-12.001 12h-5.656l12-12h5.657zm7.68 0l-12.001 12h-5.656l12-12h5.657zm7.68 0l-12.001 12h-5.657l12-12h5.658zm7.68 0l-12.001 12h-5.657l12-12h5.658zm8.08 0l-12.001 12h-5.657l12-12h5.658zm7.68 0l-12.001 12h-5.657l12-12h5.658zm7.68 0l-12.001 12h-5.657l12-12h5.658zm7.68 0l-12.001 12h-5.657l12-12h5.658zm7.68 0l-12.001 12h-5.657l12-12h5.658zm7.68 0l-12.001 12h-5.656l12-12h5.657zm7.68 0l-12.001 12h-5.657l12-12h5.658zm7.68 0l-12.001 12h-5.657l12-12h5.658zm7.68 0l-12.001 12h-5.657l12-12h5.658zm7.68 0l-12.001 12h-5.657l12-12h5.658zm7.68 0l-12.001 12h-5.656l12-12h5.657zM841 0v2.149l-9.852 9.85h-5.657l12-12L841 0zm0 4.172v5.656L838.828 12h-5.657L841 4.172zM5.829 0l-5.83 5.829V.173L.174 0h5.656z"
    fillRule="nonzero"
    stroke="none"
    strokeDashoffset="50px"
    strokeWidth="1"
  >
    <animateTransform
      additive="replace"
      attributeName="transform"
      dur="5"
      from="-100"
      repeatCount="indefinite"
      to="1"
      type="translate"
    />
  </path>
</svg>
`;
