// Jest Snapshot v1, https://goo.gl/fbAQLP

exports[`Status should match snapshot with simple text 1`] = `
<div
  className="status"
  data-test="status:data-test"
>
  Online
</div>
`;
