// Jest Snapshot v1, https://goo.gl/fbAQLP

exports[`should match snapshot 1`] = `
<div
  className="overflow-text"
  data-modifiers=""
>
  Foo bar
</div>
`;

exports[`should match snapshot 1`] = `
<div
  className="overflow-text"
  data-modifiers=""
>
  Foo bar
</div>
`;
