// Jest Snapshot v1, https://goo.gl/fbAQLP

exports[`renders correctly 1`] = `
<button
  className="button button--type--primary button--size--large"
  data-test=""
  disabled={false}
  onClick={[Function]}
  size="large"
  type="primary"
>
  Primary large
</button>
`;
