// Jest Snapshot v1, https://goo.gl/fbAQLP

exports[`should match snapshot 1`] = `
<button
  className="sc-bdvvaa sc-gsDJrp dEcWDh dcPFaG"
  size="large"
>
  Link button
</button>
`;
