// Jest Snapshot v1, https://goo.gl/fbAQLP

exports[`Tooltip should match snapshot 1`] = `
<styled.div>
  <div>
    <div>
      <div>
        Tooltip
      </div>
    </div>
  </div>
</styled.div>
`;
