// Jest Snapshot v1, https://goo.gl/fbAQLP

exports[`TableFilter should match snapshot 1`] = `
<div
  className="table-filter"
>
  <div
    onClick={[Function]}
  >
    <span
      className="table-filter__selected-items"
      data-modifiers=""
    >
      All
    </span>
  </div>
</div>
`;
