// Jest Snapshot v1, https://goo.gl/fbAQLP

exports[`should match snapshot 1`] = `
<button
  className="sc-bdvvaa sc-gsDJrp iJkLDP HIYDZ"
  size="large"
>
  Cancel button
</button>
`;
