// Jest Snapshot v1, https://goo.gl/fbAQLP

exports[`Checkbox should match snapshot 1`] = `
<div
  className="sc-dPiKHq gcpgfU"
  onClick={[Function]}
>
  <input
    checked={true}
    className="sc-bBHHQT sQSgW"
    type="checkbox"
  />
  <div
    checked={true}
    className="sc-cNKpQo hVgyxZ"
    data-test="checkbox:input"
  >
    <svg
      className="sc-gsDJrp eoXRPA sc-AjmZR ixOclY"
      fillRule="evenodd"
      height={7}
      style={
        Object {
          "WebkitTransform": "rotate(0deg)",
        }
      }
      transform="rotate(0)"
      viewBox="0 0 14 10"
      width={10}
    >
      <path
        d="M.727 3.821a.935.935 0 0 0 .001 1.376l4.294 4.106a.99.99 0 0 0 1.417-.04l6.872-7.358c.38-.408.36-1.045-.038-1.417l.204.19a.982.982 0 0 0-1.398.057L6.42 6.932a.968.968 0 0 1-1.394.038L1.973 4.03a1.068 1.068 0 0 0-1.45-.018l.204-.19z"
      />
    </svg>
  </div>
  <div
    className="sc-khQdMy gAOLRn"
    data-test="checkbox:label"
  >
    checkbox
  </div>
</div>
`;
