// Jest Snapshot v1, https://goo.gl/fbAQLP

exports[`should match snapshot 1`] = `
<span
  className="filled-badge"
>
  Filled badge
</span>
`;
