// Jest Snapshot v1, https://goo.gl/fbAQLP

exports[`renders correctly 1`] = `
<button
  className="button button--size--large link-button"
  data-test=""
  disabled={false}
  onClick={[Function]}
  size="large"
  type="primary"
>
  Link button
</button>
`;
