// Jest Snapshot v1, https://goo.gl/fbAQLP

exports[`Panel should match snapshot 1`] = `
<div
  className="panel"
  data-test=""
  onClick={[Function]}
>
  <span>
    Panel
  </span>
  <span>
    element
  </span>
</div>
`;
