// Jest Snapshot v1, https://goo.gl/fbAQLP

exports[`Table should match snapshot 1`] = `
<table
  className="table"
>
  <thead
    className="table__header"
  >
    <tr>
      <th
        style={
          Object {
            "width": undefined,
          }
        }
      >
        <div
          className="panel"
          data-test=""
          onClick={[Function]}
        >
          <div
            className="sort-arrows"
          >
            <div
              className="sort-arrows__sort-arrows-wrapper"
              data-modifiers=""
            >
              <div
                className="sort-arrows__sort-arrow"
              >
                <svg
                  className="generic-icon"
                  data-modifiers=""
                  fillRule="evenodd"
                  height={10}
                  style={
                    Object {
                      "WebkitTransform": "rotate(180deg)",
                      "opacity": "100%",
                    }
                  }
                  transform="rotate(180)"
                  viewBox="0 0 7 10"
                  width={7}
                >
                  <path
                    d="M3.5 10l.01-.001h.033l.03-.006.017-.001.015-.003-.062.01a.5.5 0 0 0 .31-.145l2.95-2.95a.5.5 0 0 0-.707-.707L4 8.295 4 .5a.5.5 0 0 0-1 0l-.001 7.843L.854 6.197a.5.5 0 0 0-.708.707l2.95 2.95a.498.498 0 0 0 .311.144L3.49 10a.51.51 0 0 0 .011 0z"
                  />
                </svg>
              </div>
              <div
                className="sort-arrows__sort-arrow"
              >
                <svg
                  className="generic-icon"
                  data-modifiers=""
                  fillRule="evenodd"
                  height={10}
                  style={
                    Object {
                      "WebkitTransform": "rotate(0deg)",
                      "opacity": "100%",
                    }
                  }
                  transform="rotate(0)"
                  viewBox="0 0 7 10"
                  width={7}
                >
                  <path
                    d="M3.5 10l.01-.001h.033l.03-.006.017-.001.015-.003-.062.01a.5.5 0 0 0 .31-.145l2.95-2.95a.5.5 0 0 0-.707-.707L4 8.295 4 .5a.5.5 0 0 0-1 0l-.001 7.843L.854 6.197a.5.5 0 0 0-.708.707l2.95 2.95a.498.498 0 0 0 .311.144L3.49 10a.51.51 0 0 0 .011 0z"
                  />
                </svg>
              </div>
            </div>
          </div>
          Name
        </div>
      </th>
      <th
        style={
          Object {
            "width": undefined,
          }
        }
      >
        <div
          className="panel"
          data-test=""
          onClick={[Function]}
        >
          <div
            className="sort-arrows"
          >
            <div
              className="sort-arrows__sort-arrows-wrapper"
              data-modifiers=""
            >
              <div
                className="sort-arrows__sort-arrow sort-arrows__sort-arrow--active"
              >
                <svg
                  className="generic-icon"
                  data-modifiers=""
                  fillRule="evenodd"
                  height={10}
                  style={
                    Object {
                      "WebkitTransform": "rotate(180deg)",
                      "opacity": "100%",
                    }
                  }
                  transform="rotate(180)"
                  viewBox="0 0 7 10"
                  width={7}
                >
                  <path
                    d="M3.5 10l.01-.001h.033l.03-.006.017-.001.015-.003-.062.01a.5.5 0 0 0 .31-.145l2.95-2.95a.5.5 0 0 0-.707-.707L4 8.295 4 .5a.5.5 0 0 0-1 0l-.001 7.843L.854 6.197a.5.5 0 0 0-.708.707l2.95 2.95a.498.498 0 0 0 .311.144L3.49 10a.51.51 0 0 0 .011 0z"
                  />
                </svg>
              </div>
              <div
                className="sort-arrows__sort-arrow"
              >
                <svg
                  className="generic-icon"
                  data-modifiers=""
                  fillRule="evenodd"
                  height={10}
                  style={
                    Object {
                      "WebkitTransform": "rotate(0deg)",
                      "opacity": "100%",
                    }
                  }
                  transform="rotate(0)"
                  viewBox="0 0 7 10"
                  width={7}
                >
                  <path
                    d="M3.5 10l.01-.001h.033l.03-.006.017-.001.015-.003-.062.01a.5.5 0 0 0 .31-.145l2.95-2.95a.5.5 0 0 0-.707-.707L4 8.295 4 .5a.5.5 0 0 0-1 0l-.001 7.843L.854 6.197a.5.5 0 0 0-.708.707l2.95 2.95a.498.498 0 0 0 .311.144L3.49 10a.51.51 0 0 0 .011 0z"
                  />
                </svg>
              </div>
            </div>
          </div>
          Added
        </div>
      </th>
      <th
        style={
          Object {
            "width": undefined,
          }
        }
      >
        <div>
          Total Methods
        </div>
      </th>
      <th
        style={
          Object {
            "width": undefined,
          }
        }
      >
        <div>
          New
        </div>
      </th>
    </tr>
  </thead>
  <tbody>
    <tr
      className="table__row"
    >
      <td>
        <div
          onClick={[Function]}
        >
          1658090997
        </div>
      </td>
      <td>
        <span>
          1580285098638
        </span>
      </td>
      <td>
        97
      </td>
      <td>
        40
      </td>
    </tr>
  </tbody>
</table>
`;
