// Jest Snapshot v1, https://goo.gl/fbAQLP

exports[`SecondaryProgressBar should match snapshot 1`] = `
<div
  className="sc-bdvvaa YEirn"
  data-test="additional-progress-bar:undefined"
>
  <div
    className="sc-gsDJrp jOZeBx"
    style={
      Object {
        "width": "50px",
      }
    }
  />
</div>
`;
